{
  "type":"apache",
  "namespace":null,
  "name":"groovy",
  "version":"2.4.6",
  "qualifiers":{},
  "subpath":null,
  "primary_language":null,
  "description":null,
  "release_date":null,
  "parties":[],
  "keywords":[],
  "homepage_url":null,
  "download_url":"http://archive.apache.org/dist/groovy/2.4.6/sources/apache-groovy-src-2.4.6.zip",
  "size":null,
  "sha1":null,
  "md5":null,
  "sha256":null,
  "sha512":null,
  "bug_tracking_url":null,
  "code_view_url":null,
  "vcs_url":null,
  "copyright":null,
  "license_expression":null,
  "declared_license":null,
  "notice_text":null,
  "source_packages":[],
  "extra_data":{},
  "repository_homepage_url":null,
  "repository_download_url":null,
  "api_data_url":null,
  "package_uid":"pkg:apache/groovy@2.4.6?uuid=fixed-uid-done-for-testing-5642512d1758",
  "datafile_paths":[],
  "datasource_ids":[],
  "purl":"pkg:apache/groovy@2.4.6"
}