[
  {
    "type":"generic",
    "namespace":null,
    "name":"openssl-1.0.2-stable-SNAP-20180518.tar.gz",
    "version":"1.0.2-stable-SNAP-20180518",
    "qualifiers":{},
    "subpath":null,
    "primary_language":null,
    "description":"The OpenSSL Project is a collaborative effort to develop a robust, commercial-grade, fully featured, and Open Source toolkit implementing the Transport Layer Security (TLS) protocols (including SSLv3) as well as a full-strength general purpose cryptographic library.",
    "release_date":"2014-11-19",
    "parties":[],
    "keywords":[],
    "homepage_url":"https://www.openssl.org/",
    "download_url":"https://ftp.openssl.org/snapshot/openssl-1.0.2-stable-SNAP-20180518.tar.gz",
    "size":527,
    "sha1":null,
    "md5":null,
    "sha256":null,
    "sha512":null,
    "bug_tracking_url":"https://github.com/openssl/openssl/issues",
    "code_view_url":"https://github.com/openssl/openssl",
    "vcs_url":"git+https://github.com/openssl/openssl.git",
    "copyright":"Copyright (c) 1998-2018 The OpenSSL Project\nCopyright (c) 1995-1998 Eric A. Young, Tim J. Hudson\nAll rights reserved.",
    "license_expression":null,
    "declared_license":"OpenSSL License",
    "notice_text":null,
    "source_packages":[],
    "extra_data":{},
    "repository_homepage_url":null,
    "repository_download_url":null,
    "api_data_url":null,
    "package_uid":"pkg:generic/openssl-1.0.2-stable-SNAP-20180518.tar.gz@1.0.2-stable-SNAP-20180518?uuid=fixed-uid-done-for-testing-5642512d1758",
    "datafile_paths":[],
    "datasource_ids":[],
    "purl":"pkg:generic/openssl-1.0.2-stable-SNAP-20180518.tar.gz@1.0.2-stable-SNAP-20180518"
  }
]