[
  {
    "type":"gitlab",
    "namespace":null,
    "name":"microservice-express-mongo",
    "version":null,
    "qualifiers":{},
    "subpath":null,
    "primary_language":null,
    "description":"",
    "release_date":"2018-02-13",
    "parties":[],
    "keywords":[],
    "homepage_url":"https://gitlab.com/mauriciofragajr/microservice-express-mongo",
    "download_url":null,
    "size":null,
    "sha1":null,
    "md5":null,
    "sha256":null,
    "sha512":null,
    "bug_tracking_url":null,
    "code_view_url":"git+https://gitlab.com/mauriciofragajr/microservice-express-mongo.git",
    "vcs_url":"git+https://gitlab.com/mauriciofragajr/microservice-express-mongo.git",
    "copyright":null,
    "license_expression":null,
    "declared_license":null,
    "notice_text":null,
    "source_packages":[],
    "extra_data":{},
    "repository_homepage_url":null,
    "repository_download_url":null,
    "api_data_url":null,
    "package_uid":"pkg:gitlab/microservice-express-mongo?uuid=fixed-uid-done-for-testing-5642512d1758",
    "datafile_paths":[],
    "datasource_ids":[],
    "purl":"pkg:gitlab/microservice-express-mongo"
  }
]