{
  "type":"bitbucket",
  "namespace":"bitbucket.org/zombiezen",
  "name":"yaml",
  "version":null,
  "qualifiers":{},
  "subpath":null,
  "primary_language":"Go",
  "description":"Package vec64 operates on four-dimensional float64 vectors.",
  "release_date":null,
  "parties":[],
  "keywords":[],
  "homepage_url":"https://bitbucket.org/zombiezen/yaml",
  "download_url":null,
  "size":null,
  "sha1":null,
  "md5":null,
  "sha256":null,
  "sha512":null,
  "bug_tracking_url":null,
  "code_view_url":null,
  "vcs_url":"https://bitbucket.org/zombiezen/yaml",
  "copyright":null,
  "license_expression":null,
  "declared_license":null,
  "notice_text":null,
  "source_packages":[],
  "extra_data":{},
  "repository_homepage_url":null,
  "repository_download_url":null,
  "api_data_url":null,
  "package_uid":"pkg:bitbucket/bitbucket.org/zombiezen/yaml?uuid=fixed-uid-done-for-testing-5642512d1758",
  "datafile_paths":[],
  "datasource_ids":[],
  "purl":"pkg:bitbucket/bitbucket.org/zombiezen/yaml"
}