[
  {
    "type":"eclipse",
    "namespace":null,
    "name":"Acceleo",
    "version":null,
    "qualifiers":{},
    "subpath":null,
    "primary_language":null,
    "description":"Acceleo is an open source code generator implementing the OMG's MOF Model to Text Language (MTL) standard that uses any EMF based models (UML, SysML, domain specific models...) to generate any kind of code (Java, C, PHP...) while keeping the traceability of the generated text.",
    "release_date":null,
    "parties":[],
    "keywords":[],
    "homepage_url":null,
    "download_url":"https://projects.eclipse.org/projects/modeling.m2t.acceleo/downloads",
    "size":null,
    "sha1":null,
    "md5":null,
    "sha256":null,
    "sha512":null,
    "bug_tracking_url":null,
    "code_view_url":null,
    "vcs_url":null,
    "copyright":null,
    "license_expression":null,
    "declared_license":"Eclipse Public License 1.0",
    "notice_text":null,
    "source_packages":[],
    "extra_data":{},
    "repository_homepage_url":null,
    "repository_download_url":null,
    "api_data_url":null,
    "package_uid":"pkg:eclipse/Acceleo?uuid=fixed-uid-done-for-testing-5642512d1758",
    "datafile_paths":[],
    "datasource_ids":[],
    "purl":"pkg:eclipse/Acceleo"
  },
  {
    "type":"eclipse",
    "namespace":null,
    "name":"Acceleo",
    "version":"3.6.4",
    "qualifiers":{},
    "subpath":null,
    "primary_language":null,
    "description":"Acceleo is an open source code generator implementing the OMG's MOF Model to Text Language (MTL) standard that uses any EMF based models (UML, SysML, domain specific models...) to generate any kind of code (Java, C, PHP...) while keeping the traceability of the generated text.",
    "release_date":null,
    "parties":[],
    "keywords":[],
    "homepage_url":null,
    "download_url":"https://projects.eclipse.org/projects/modeling.acceleo/releases/3.6.4",
    "size":null,
    "sha1":null,
    "md5":null,
    "sha256":null,
    "sha512":null,
    "bug_tracking_url":null,
    "code_view_url":null,
    "vcs_url":null,
    "copyright":null,
    "license_expression":null,
    "declared_license":"Eclipse Public License 1.0",
    "notice_text":null,
    "source_packages":[],
    "extra_data":{},
    "repository_homepage_url":null,
    "repository_download_url":null,
    "api_data_url":null,
    "package_uid":"pkg:eclipse/Acceleo@3.6.4?uuid=fixed-uid-done-for-testing-5642512d1758",
    "datafile_paths":[],
    "datasource_ids":[],
    "purl":"pkg:eclipse/Acceleo@3.6.4"
  },
  {
    "type":"eclipse",
    "namespace":null,
    "name":"Acceleo",
    "version":"3.6.0",
    "qualifiers":{},
    "subpath":null,
    "primary_language":null,
    "description":"Acceleo is an open source code generator implementing the OMG's MOF Model to Text Language (MTL) standard that uses any EMF based models (UML, SysML, domain specific models...) to generate any kind of code (Java, C, PHP...) while keeping the traceability of the generated text.",
    "release_date":null,
    "parties":[],
    "keywords":[],
    "homepage_url":null,
    "download_url":"https://projects.eclipse.org/projects/modeling.acceleo/releases/3.6.0",
    "size":null,
    "sha1":null,
    "md5":null,
    "sha256":null,
    "sha512":null,
    "bug_tracking_url":null,
    "code_view_url":null,
    "vcs_url":null,
    "copyright":null,
    "license_expression":null,
    "declared_license":"Eclipse Public License 1.0",
    "notice_text":null,
    "source_packages":[],
    "extra_data":{},
    "repository_homepage_url":null,
    "repository_download_url":null,
    "api_data_url":null,
    "package_uid":"pkg:eclipse/Acceleo@3.6.0?uuid=fixed-uid-done-for-testing-5642512d1758",
    "datafile_paths":[],
    "datasource_ids":[],
    "purl":"pkg:eclipse/Acceleo@3.6.0"
  },
  {
    "type":"eclipse",
    "namespace":null,
    "name":"Acceleo",
    "version":"3.5.0",
    "qualifiers":{},
    "subpath":null,
    "primary_language":null,
    "description":"Acceleo is an open source code generator implementing the OMG's MOF Model to Text Language (MTL) standard that uses any EMF based models (UML, SysML, domain specific models...) to generate any kind of code (Java, C, PHP...) while keeping the traceability of the generated text.",
    "release_date":null,
    "parties":[],
    "keywords":[],
    "homepage_url":null,
    "download_url":"https://projects.eclipse.org/projects/modeling.m2t.acceleo/releases/3.5.0",
    "size":null,
    "sha1":null,
    "md5":null,
    "sha256":null,
    "sha512":null,
    "bug_tracking_url":null,
    "code_view_url":null,
    "vcs_url":null,
    "copyright":null,
    "license_expression":null,
    "declared_license":"Eclipse Public License 1.0",
    "notice_text":null,
    "source_packages":[],
    "extra_data":{},
    "repository_homepage_url":null,
    "repository_download_url":null,
    "api_data_url":null,
    "package_uid":"pkg:eclipse/Acceleo@3.5.0?uuid=fixed-uid-done-for-testing-5642512d1758",
    "datafile_paths":[],
    "datasource_ids":[],
    "purl":"pkg:eclipse/Acceleo@3.5.0"
  },
  {
    "type":"eclipse",
    "namespace":null,
    "name":"Acceleo",
    "version":"3.4.0",
    "qualifiers":{},
    "subpath":null,
    "primary_language":null,
    "description":"Acceleo is an open source code generator implementing the OMG's MOF Model to Text Language (MTL) standard that uses any EMF based models (UML, SysML, domain specific models...) to generate any kind of code (Java, C, PHP...) while keeping the traceability of the generated text.",
    "release_date":null,
    "parties":[],
    "keywords":[],
    "homepage_url":null,
    "download_url":"https://projects.eclipse.org/projects/modeling.m2t.acceleo/releases/3.4.0",
    "size":null,
    "sha1":null,
    "md5":null,
    "sha256":null,
    "sha512":null,
    "bug_tracking_url":null,
    "code_view_url":null,
    "vcs_url":null,
    "copyright":null,
    "license_expression":null,
    "declared_license":"Eclipse Public License 1.0",
    "notice_text":null,
    "source_packages":[],
    "extra_data":{},
    "repository_homepage_url":null,
    "repository_download_url":null,
    "api_data_url":null,
    "package_uid":"pkg:eclipse/Acceleo@3.4.0?uuid=fixed-uid-done-for-testing-5642512d1758",
    "datafile_paths":[],
    "datasource_ids":[],
    "purl":"pkg:eclipse/Acceleo@3.4.0"
  },
  {
    "type":"eclipse",
    "namespace":null,
    "name":"Acceleo",
    "version":"3.3.0",
    "qualifiers":{},
    "subpath":null,
    "primary_language":null,
    "description":"Acceleo is an open source code generator implementing the OMG's MOF Model to Text Language (MTL) standard that uses any EMF based models (UML, SysML, domain specific models...) to generate any kind of code (Java, C, PHP...) while keeping the traceability of the generated text.",
    "release_date":null,
    "parties":[],
    "keywords":[],
    "homepage_url":null,
    "download_url":"https://projects.eclipse.org/projects/release/3.3.0-0",
    "size":null,
    "sha1":null,
    "md5":null,
    "sha256":null,
    "sha512":null,
    "bug_tracking_url":null,
    "code_view_url":null,
    "vcs_url":null,
    "copyright":null,
    "license_expression":null,
    "declared_license":"Eclipse Public License 1.0",
    "notice_text":null,
    "source_packages":[],
    "extra_data":{},
    "repository_homepage_url":null,
    "repository_download_url":null,
    "api_data_url":null,
    "package_uid":"pkg:eclipse/Acceleo@3.3.0?uuid=fixed-uid-done-for-testing-5642512d1758",
    "datafile_paths":[],
    "datasource_ids":[],
    "purl":"pkg:eclipse/Acceleo@3.3.0"
  },
  {
    "type":"eclipse",
    "namespace":null,
    "name":"Acceleo",
    "version":"3.2.0",
    "qualifiers":{},
    "subpath":null,
    "primary_language":null,
    "description":"Acceleo is an open source code generator implementing the OMG's MOF Model to Text Language (MTL) standard that uses any EMF based models (UML, SysML, domain specific models...) to generate any kind of code (Java, C, PHP...) while keeping the traceability of the generated text.",
    "release_date":null,
    "parties":[],
    "keywords":[],
    "homepage_url":null,
    "download_url":"https://projects.eclipse.org/projects/release/3.2.0-0",
    "size":null,
    "sha1":null,
    "md5":null,
    "sha256":null,
    "sha512":null,
    "bug_tracking_url":null,
    "code_view_url":null,
    "vcs_url":null,
    "copyright":null,
    "license_expression":null,
    "declared_license":"Eclipse Public License 1.0",
    "notice_text":null,
    "source_packages":[],
    "extra_data":{},
    "repository_homepage_url":null,
    "repository_download_url":null,
    "api_data_url":null,
    "package_uid":"pkg:eclipse/Acceleo@3.2.0?uuid=fixed-uid-done-for-testing-5642512d1758",
    "datafile_paths":[],
    "datasource_ids":[],
    "purl":"pkg:eclipse/Acceleo@3.2.0"
  },
  {
    "type":"eclipse",
    "namespace":null,
    "name":"Acceleo",
    "version":"3.1.0",
    "qualifiers":{},
    "subpath":null,
    "primary_language":null,
    "description":"Acceleo is an open source code generator implementing the OMG's MOF Model to Text Language (MTL) standard that uses any EMF based models (UML, SysML, domain specific models...) to generate any kind of code (Java, C, PHP...) while keeping the traceability of the generated text.",
    "release_date":null,
    "parties":[],
    "keywords":[],
    "homepage_url":null,
    "download_url":"https://projects.eclipse.org/projects/release/3.1.0-1",
    "size":null,
    "sha1":null,
    "md5":null,
    "sha256":null,
    "sha512":null,
    "bug_tracking_url":null,
    "code_view_url":null,
    "vcs_url":null,
    "copyright":null,
    "license_expression":null,
    "declared_license":"Eclipse Public License 1.0",
    "notice_text":null,
    "source_packages":[],
    "extra_data":{},
    "repository_homepage_url":null,
    "repository_download_url":null,
    "api_data_url":null,
    "package_uid":"pkg:eclipse/Acceleo@3.1.0?uuid=fixed-uid-done-for-testing-5642512d1758",
    "datafile_paths":[],
    "datasource_ids":[],
    "purl":"pkg:eclipse/Acceleo@3.1.0"
  },
  {
    "type":"eclipse",
    "namespace":null,
    "name":"Acceleo",
    "version":"3.0.0",
    "qualifiers":{},
    "subpath":null,
    "primary_language":null,
    "description":"Acceleo is an open source code generator implementing the OMG's MOF Model to Text Language (MTL) standard that uses any EMF based models (UML, SysML, domain specific models...) to generate any kind of code (Java, C, PHP...) while keeping the traceability of the generated text.",
    "release_date":null,
    "parties":[],
    "keywords":[],
    "homepage_url":null,
    "download_url":"https://projects.eclipse.org/projects/release/3.0.0-3",
    "size":null,
    "sha1":null,
    "md5":null,
    "sha256":null,
    "sha512":null,
    "bug_tracking_url":null,
    "code_view_url":null,
    "vcs_url":null,
    "copyright":null,
    "license_expression":null,
    "declared_license":"Eclipse Public License 1.0",
    "notice_text":null,
    "source_packages":[],
    "extra_data":{},
    "repository_homepage_url":null,
    "repository_download_url":null,
    "api_data_url":null,
    "package_uid":"pkg:eclipse/Acceleo@3.0.0?uuid=fixed-uid-done-for-testing-5642512d1758",
    "datafile_paths":[],
    "datasource_ids":[],
    "purl":"pkg:eclipse/Acceleo@3.0.0"
  },
  {
    "type":"eclipse",
    "namespace":null,
    "name":"Acceleo",
    "version":"0.8.0",
    "qualifiers":{},
    "subpath":null,
    "primary_language":null,
    "description":"Acceleo is an open source code generator implementing the OMG's MOF Model to Text Language (MTL) standard that uses any EMF based models (UML, SysML, domain specific models...) to generate any kind of code (Java, C, PHP...) while keeping the traceability of the generated text.",
    "release_date":null,
    "parties":[],
    "keywords":[],
    "homepage_url":null,
    "download_url":"https://projects.eclipse.org/projects/release/0.8.0-6",
    "size":null,
    "sha1":null,
    "md5":null,
    "sha256":null,
    "sha512":null,
    "bug_tracking_url":null,
    "code_view_url":null,
    "vcs_url":null,
    "copyright":null,
    "license_expression":null,
    "declared_license":"Eclipse Public License 1.0",
    "notice_text":null,
    "source_packages":[],
    "extra_data":{},
    "repository_homepage_url":null,
    "repository_download_url":null,
    "api_data_url":null,
    "package_uid":"pkg:eclipse/Acceleo@0.8.0?uuid=fixed-uid-done-for-testing-5642512d1758",
    "datafile_paths":[],
    "datasource_ids":[],
    "purl":"pkg:eclipse/Acceleo@0.8.0"
  }
]