[
  {
    "type":"eclipse",
    "namespace":null,
    "name":"birt",
    "version":null,
    "qualifiers":{},
    "subpath":null,
    "primary_language":null,
    "description":"<p>BIRT is an open source Eclipse-based reporting system that integrates with your Java/Java EE application to produce compelling reports.</p>\r\n",
    "release_date":null,
    "parties":[],
    "keywords":[],
    "homepage_url":"http://www.eclipse.org/birt/",
    "download_url":"http://download.eclipse.org/birt/downloads/",
    "size":null,
    "sha1":null,
    "md5":null,
    "sha256":null,
    "sha512":null,
    "bug_tracking_url":"https://bugs.eclipse.org/bugs/buglist.cgi?product=BIRT",
    "code_view_url":null,
    "vcs_url":null,
    "copyright":null,
    "license_expression":null,
    "declared_license":"Eclipse Public License 1.0",
    "notice_text":null,
    "source_packages":[],
    "extra_data":{},
    "repository_homepage_url":null,
    "repository_download_url":null,
    "api_data_url":null,
    "package_uid":"pkg:eclipse/birt?uuid=fixed-uid-done-for-testing-5642512d1758",
    "datafile_paths":[],
    "datasource_ids":[],
    "purl":"pkg:eclipse/birt"
  }
]