{
  "type":"bitbucket",
  "namespace":"bastiand",
  "name":"mercurialeclipse",
  "version":null,
  "qualifiers":{},
  "subpath":null,
  "primary_language":"",
  "description":"my own repo for MercurialEclipse.",
  "release_date":null,
  "parties":[
    {
      "type":"person",
      "role":"owner",
      "name":"bastiand",
      "email":null,
      "url":"https://bitbucket.org/bastiand/"
    }
  ],
  "keywords":[],
  "homepage_url":"hg+https://bitbucket.org/bastiand/mercurialeclipse",
  "download_url":null,
  "size":null,
  "sha1":null,
  "md5":null,
  "sha256":null,
  "sha512":null,
  "bug_tracking_url":null,
  "code_view_url":"hg+https://bitbucket.org/bastiand/mercurialeclipse/src",
  "vcs_url":"hg+https://bitbucket.org/bastiand/mercurialeclipse",
  "copyright":null,
  "license_expression":null,
  "declared_license":null,
  "notice_text":null,
  "source_packages":[],
  "extra_data":{},
  "repository_homepage_url":null,
  "repository_download_url":null,
  "api_data_url":null,
  "package_uid":"pkg:bitbucket/bastiand/mercurialeclipse?uuid=fixed-uid-done-for-testing-5642512d1758",
  "datafile_paths":[],
  "datasource_ids":[],
  "purl":"pkg:bitbucket/bastiand/mercurialeclipse"
}