[
  {
    "type":"nuget",
    "namespace":null,
    "name":"EntityFramework",
    "version":"6.1.3",
    "qualifiers":{},
    "subpath":null,
    "primary_language":null,
    "description":"Entity Framework is Microsoft's recommended data access technology for new applications.",
    "release_date":null,
    "parties":[
      {
        "type":null,
        "role":"author",
        "name":"Microsoft",
        "email":null,
        "url":null
      }
    ],
    "keywords":[
      "Microsoft",
      "EF",
      "Database",
      "Data",
      "O/RM",
      "ADO.NET"
    ],
    "homepage_url":"http://go.microsoft.com/fwlink/?LinkID=320540",
    "download_url":null,
    "size":null,
    "sha1":null,
    "md5":null,
    "sha256":null,
    "sha512":null,
    "bug_tracking_url":null,
    "code_view_url":null,
    "vcs_url":null,
    "copyright":null,
    "license_expression":null,
    "declared_license":"http://go.microsoft.com/fwlink/?LinkID=320539",
    "notice_text":null,
    "source_packages":[],
    "file_references":[],
    "extra_data":{},
    "dependencies":[],
    "repository_homepage_url":null,
    "repository_download_url":null,
    "api_data_url":null,
    "datasource_id":null,
    "purl":"pkg:nuget/EntityFramework@6.1.3"
  }
]